============================= test session starts =============================
platform win32 -- Python 3.12.10, pytest-9.0.2, pluggy-1.6.0 -- C:\Users\davec\OneDrive\Documentos\WinStake.ia\venv\Scripts\python.exe
cachedir: .pytest_cache
rootdir: C:\Users\davec\OneDrive\Documentos\WinStake.ia
plugins: anyio-4.13.0, cov-7.1.0
collecting ... collected 0 items / 2 errors

=================================== ERRORS ====================================
___________________ ERROR collecting tests/test_analyzer.py ___________________
ImportError while importing test module 'C:\Users\davec\OneDrive\Documentos\WinStake.ia\tests\test_analyzer.py'.
Hint: make sure your test modules/packages have valid Python names.
Traceback:
..\..\..\AppData\Local\Programs\Python\Python312\Lib\importlib\__init__.py:90: in import_module
    return _bootstrap._gcd_import(name[level:], package, level)
           ^^^^^^^^^^^^^^^^^^^^^^^^^^^^^^^^^^^^^^^^^^^^^^^^^^^^
tests\test_analyzer.py:3: in <module>
    from src.database import MatchAnalysis, EVResult
E   ImportError: cannot import name 'EVResult' from 'src.database' (C:\Users\davec\OneDrive\Documentos\WinStake.ia\src\database.py)
___________________ ERROR collecting tests/test_database.py ___________________
ImportError while importing test module 'C:\Users\davec\OneDrive\Documentos\WinStake.ia\tests\test_database.py'.
Hint: make sure your test modules/packages have valid Python names.
Traceback:
..\..\..\AppData\Local\Programs\Python\Python312\Lib\importlib\__init__.py:90: in import_module
    return _bootstrap._gcd_import(name[level:], package, level)
           ^^^^^^^^^^^^^^^^^^^^^^^^^^^^^^^^^^^^^^^^^^^^^^^^^^^^
tests\test_database.py:3: in <module>
    from src.database import Database, MatchAnalysis, EVResult
E   ImportError: cannot import name 'EVResult' from 'src.database' (C:\Users\davec\OneDrive\Documentos\WinStake.ia\src\database.py)
=========================== short test summary info ===========================
ERROR tests/test_analyzer.py
ERROR tests/test_database.py
!!!!!!!!!!!!!!!!!!! Interrupted: 2 errors during collection !!!!!!!!!!!!!!!!!!!
============================== 2 errors in 1.10s ==============================
